223.96.145.117 - - [10/Apr/2018:15:28:57 +0800] "GET /companys/https://fileihr.zhaopin.com/043/338/043338048/logo/bfcb9d29-d820-42c3-b5dd-db0ec863669a.JPG HTTP/1.1" 404 209 "http://39.106.170.0:8080/companys/?page=10" "Mozilla/5.0 (Windows NT 10.0; WOW64) AppleWebKit/537.36 (KHTML, like Gecko) Chrome/65.0.3325.181 Safari/537.36"
223.96.145.117 - - [10/Apr/2018:15:29:00 +0800] "GET /companys/?page=13 HTTP/1.1" 200 9121 "http://39.106.170.0:8080/companys/?page=10" "Mozilla/5.0 (Windows NT 10.0; WOW64) AppleWebKit/537.36 (KHTML, like Gecko) Chrome/65.0.3325.181 Safari/537.36"
223.96.145.117 - - [10/Apr/2018:15:29:00 +0800] "GET /companys/https://fileihr.zhaopin.com/013/303/013303727/logo/f580c4bb-e809-4402-9a2c-5c998c6e4ddb.jpg HTTP/1.1" 404 209 "http://39.106.170.0:8080/companys/?page=13" "Mozilla/5.0 (Windows NT 10.0; WOW64) AppleWebKit/537.36 (KHTML, like Gecko) Chrome/65.0.3325.181 Safari/537.36"
223.96.145.117 - - [10/Apr/2018:15:29:20 +0800] "GET /companys/?page=15 HTTP/1.1" 200 5636 "http://39.106.170.0:8080/companys/?page=13" "Mozilla/5.0 (Windows NT 10.0; WOW64) AppleWebKit/537.36 (KHTML, like Gecko) Chrome/65.0.3325.181 Safari/537.36"
117.185.117.56 - - [10/Apr/2018:15:29:44 +0800] "GET /companys/?page=4 HTTP/1.1" 200 27458 "http://39.106.170.0:8080/companys/" "Mozilla/5.0 (Windows NT 6.1; WOW64) AppleWebKit/537.36 (KHTML, like Gecko) Chrome/56.0.2924.87 Safari/537.36"
117.185.117.55 - - [10/Apr/2018:15:29:57 +0800] "GET /companys/?page=10 HTTP/1.1" 200 17127 "http://39.106.170.0:8080/companys/?page=7" "Mozilla/5.0 (Windows NT 6.1; WOW64) AppleWebKit/537.36 (KHTML, like Gecko) Chrome/53.0.2785.104 Safari/537.36 Core/1.53.2141.400 QQBrowser/9.5.10219.400"
120.204.17.71 - - [10/Apr/2018:15:30:20 +0800] "GET /companys/?page=15 HTTP/1.1" 200 13334 "http://39.106.170.0:8080/companys/?page=13" "Mozilla/5.0 (Macintosh; Intel Mac OS X 10_12_4) AppleWebKit/537.36 (KHTML, like Gecko) \x09\x09\x09Chrome/55.0.2883.95 Safari/537.36"
223.96.145.117 - - [10/Apr/2018:15:32:41 +0800] "GET / HTTP/1.1" 200 8817 "-" "Mozilla/5.0 (Windows NT 10.0; WOW64) AppleWebKit/537.36 (KHTML, like Gecko) Chrome/65.0.3325.181 Safari/537.36"
223.96.145.117 - - [10/Apr/2018:15:32:42 +0800] "GET /favicon.ico HTTP/1.1" 404 209 "http://39.106.170.0:8080/" "Mozilla/5.0 (Windows NT 10.0; WOW64) AppleWebKit/537.36 (KHTML, like Gecko) Chrome/65.0.3325.181 Safari/537.36"
223.96.145.117 - - [10/Apr/2018:15:38:59 +0800] "GET / HTTP/1.1" 200 8814 "-" "Mozilla/5.0 (Windows NT 10.0; WOW64) AppleWebKit/537.36 (KHTML, like Gecko) Chrome/65.0.3325.181 Safari/537.36"
223.96.145.117 - - [10/Apr/2018:15:39:25 +0800] "GET / HTTP/1.1" 200 8814 "-" "Mozilla/5.0 (Windows NT 10.0; WOW64) AppleWebKit/537.36 (KHTML, like Gecko) Chrome/65.0.3325.181 Safari/537.36"
223.96.145.117 - - [10/Apr/2018:15:39:54 +0800] "GET / HTTP/1.1" 200 8814 "-" "Mozilla/5.0 (Windows NT 10.0; WOW64) AppleWebKit/537.36 (KHTML, like Gecko) Chrome/65.0.3325.181 Safari/537.36"
223.96.145.117 - - [10/Apr/2018:15:39:55 +0800] "GET / HTTP/1.1" 200 8814 "-" "Mozilla/5.0 (Windows NT 10.0; WOW64) AppleWebKit/537.36 (KHTML, like Gecko) Chrome/65.0.3325.181 Safari/537.36"
223.96.145.117 - - [10/Apr/2018:15:40:52 +0800] "GET / HTTP/1.1" 200 8815 "-" "Mozilla/5.0 (Windows NT 10.0; WOW64) AppleWebKit/537.36 (KHTML, like Gecko) Chrome/65.0.3325.181 Safari/537.36"
223.96.145.117 - - [10/Apr/2018:15:46:22 +0800] "GET / HTTP/1.1" 200 8815 "-" "Mozilla/5.0 (Windows NT 10.0; WOW64) AppleWebKit/537.36 (KHTML, like Gecko) Chrome/65.0.3325.181 Safari/537.36"
223.96.145.117 - - [10/Apr/2018:15:46:23 +0800] "GET / HTTP/1.1" 200 8815 "-" "Mozilla/5.0 (Windows NT 10.0; WOW64) AppleWebKit/537.36 (KHTML, like Gecko) Chrome/65.0.3325.181 Safari/537.36"
223.96.145.117 - - [10/Apr/2018:15:49:02 +0800] "GET / HTTP/1.1" 200 8815 "-" "Mozilla/5.0 (Windows NT 10.0; WOW64) AppleWebKit/537.36 (KHTML, like Gecko) Chrome/65.0.3325.181 Safari/537.36"
223.96.145.117 - - [10/Apr/2018:15:49:04 +0800] "GET / HTTP/1.1" 200 8815 "-" "Mozilla/5.0 (Windows NT 10.0; WOW64) AppleWebKit/537.36 (KHTML, like Gecko) Chrome/65.0.3325.181 Safari/537.36"
223.96.145.117 - - [10/Apr/2018:15:49:06 +0800] "GET / HTTP/1.1" 200 8815 "-" "Mozilla/5.0 (Windows NT 10.0; WOW64) AppleWebKit/537.36 (KHTML, like Gecko) Chrome/65.0.3325.181 Safari/537.36"
223.96.145.117 - - [10/Apr/2018:15:49:06 +0800] "GET / HTTP/1.1" 200 8815 "-" "Mozilla/5.0 (Windows NT 10.0; WOW64) AppleWebKit/537.36 (KHTML, like Gecko) Chrome/65.0.3325.181 Safari/537.36"
223.96.145.117 - - [10/Apr/2018:15:53:14 +0800] "GET / HTTP/1.1" 200 8812 "-" "Mozilla/5.0 (Windows NT 10.0; WOW64) AppleWebKit/537.36 (KHTML, like Gecko) Chrome/65.0.3325.181 Safari/537.36"
60.191.38.78 - - [10/Apr/2018:15:54:13 +0800] "GET / HTTP/1.1" 200 26784 "-" "Mozilla/5.0 (Macintosh; Intel Mac OS X 10.11; rv:47.0) Gecko/20100101 Firefox/47.0"
223.96.145.117 - - [10/Apr/2018:15:54:13 +0800] "GET / HTTP/1.1" 200 8812 "-" "Mozilla/5.0 (Windows NT 10.0; WOW64) AppleWebKit/537.36 (KHTML, like Gecko) Chrome/65.0.3325.181 Safari/537.36"
223.96.145.117 - - [10/Apr/2018:15:54:14 +0800] "GET / HTTP/1.1" 200 8812 "-" "Mozilla/5.0 (Windows NT 10.0; WOW64) AppleWebKit/537.36 (KHTML, like Gecko) Chrome/65.0.3325.181 Safari/537.36"
223.96.145.117 - - [10/Apr/2018:15:54:16 +0800] "GET / HTTP/1.1" 200 8812 "-" "Mozilla/5.0 (Windows NT 10.0; WOW64) AppleWebKit/537.36 (KHTML, like Gecko) Chrome/65.0.3325.181 Safari/537.36"
223.96.145.117 - - [10/Apr/2018:15:54:22 +0800] "GET / HTTP/1.1" 200 8812 "-" "Mozilla/5.0 (Windows NT 10.0; WOW64) AppleWebKit/537.36 (KHTML, like Gecko) Chrome/65.0.3325.181 Safari/537.36"
223.96.145.117 - - [10/Apr/2018:15:54:36 +0800] "GET / HTTP/1.1" 200 76 "-" "Mozilla/5.0 (Windows NT 10.0; WOW64) AppleWebKit/537.36 (KHTML, like Gecko) Chrome/65.0.3325.181 Safari/537.36"
223.96.145.117 - - [10/Apr/2018:15:54:36 +0800] "GET /favicon.ico HTTP/1.1" 404 209 "http://39.106.170.0/" "Mozilla/5.0 (Windows NT 10.0; WOW64) AppleWebKit/537.36 (KHTML, like Gecko) Chrome/65.0.3325.181 Safari/537.36"
106.11.226.17 - - [10/Apr/2018:15:54:36 +0800] "GET / HTTP/1.1" 200 76 "-" "Mozilla/5.0 (iPad; CPU OS 9_1 like Mac OS X) AppleWebKit/601.1.46 (KHTML, like Gecko) Version/9.0 Mobile/13B143 Safari/601.1"
223.96.145.117 - - [10/Apr/2018:15:54:47 +0800] "GET / HTTP/1.1" 200 8812 "-" "Mozilla/5.0 (Windows NT 10.0; WOW64) AppleWebKit/537.36 (KHTML, like Gecko) Chrome/65.0.3325.181 Safari/537.36"
223.96.145.117 - - [10/Apr/2018:15:56:00 +0800] "GET /companys/ HTTP/1.1" 200 8282 "http://39.106.170.0:8080/" "Mozilla/5.0 (Windows NT 10.0; WOW64) AppleWebKit/537.36 (KHTML, like Gecko) Chrome/65.0.3325.181 Safari/537.36"
47.93.90.175 - - [10/Apr/2018:16:00:12 +0800] "GET / HTTP/1.1" 200 26784 "-" "-"
223.96.145.117 - - [10/Apr/2018:16:05:36 +0800] "GET /companys/ HTTP/1.1" 200 8282 "http://39.106.170.0:8080/" "Mozilla/5.0 (Windows NT 10.0; WOW64) AppleWebKit/537.36 (KHTML, like Gecko) Chrome/65.0.3325.181 Safari/537.36"
223.96.145.117 - - [10/Apr/2018:16:05:44 +0800] "GET / HTTP/1.1" 200 8850 "http://39.106.170.0:8080/companys/" "Mozilla/5.0 (Windows NT 10.0; WOW64) AppleWebKit/537.36 (KHTML, like Gecko) Chrome/65.0.3325.181 Safari/537.36"
223.96.145.117 - - [10/Apr/2018:16:08:35 +0800] "GET / HTTP/1.1" 200 8849 "http://39.106.170.0:8080/companys/" "Mozilla/5.0 (Windows NT 10.0; WOW64) AppleWebKit/537.36 (KHTML, like Gecko) Chrome/65.0.3325.181 Safari/537.36"
223.96.145.117 - - [10/Apr/2018:16:09:24 +0800] "GET / HTTP/1.1" 200 8849 "http://39.106.170.0:8080/companys/" "Mozilla/5.0 (Windows NT 10.0; WOW64) AppleWebKit/537.36 (KHTML, like Gecko) Chrome/65.0.3325.181 Safari/537.36"
223.96.145.117 - - [10/Apr/2018:16:09:25 +0800] "GET / HTTP/1.1" 200 8849 "http://39.106.170.0:8080/companys/" "Mozilla/5.0 (Windows NT 10.0; WOW64) AppleWebKit/537.36 (KHTML, like Gecko) Chrome/65.0.3325.181 Safari/537.36"
223.96.145.117 - - [10/Apr/2018:16:09:28 +0800] "GET / HTTP/1.1" 200 8849 "http://39.106.170.0:8080/companys/" "Mozilla/5.0 (Windows NT 10.0; WOW64) AppleWebKit/537.36 (KHTML, like Gecko) Chrome/65.0.3325.181 Safari/537.36"
223.96.145.117 - - [10/Apr/2018:16:19:50 +0800] "GET /companys/ HTTP/1.1" 200 8283 "http://39.106.170.0:8080/" "Mozilla/5.0 (Windows NT 10.0; WOW64) AppleWebKit/537.36 (KHTML, like Gecko) Chrome/65.0.3325.181 Safari/537.36"
223.96.145.117 - - [10/Apr/2018:16:19:52 +0800] "GET /companys/?page=5 HTTP/1.1" 200 8560 "http://39.106.170.0:8080/companys/" "Mozilla/5.0 (Windows NT 10.0; WOW64) AppleWebKit/537.36 (KHTML, like Gecko) Chrome/65.0.3325.181 Safari/537.36"
117.185.117.52 - - [10/Apr/2018:16:20:52 +0800] "GET /companys/?page=5 HTTP/1.1" 200 23596 "http://39.106.170.0:8080/companys/" "Mozilla/5.0 (Windows NT 6.1; WOW64) AppleWebKit/537.36 (KHTML, like Gecko) Chrome/43.0.2357.124 Safari/537.36"
223.96.145.117 - - [10/Apr/2018:16:22:02 +0800] "GET / HTTP/1.1" 500 141 "http://39.106.170.0:8080/companys/?page=5" "Mozilla/5.0 (Windows NT 10.0; WOW64) AppleWebKit/537.36 (KHTML, like Gecko) Chrome/65.0.3325.181 Safari/537.36"
223.96.145.117 - - [10/Apr/2018:16:22:05 +0800] "GET / HTTP/1.1" 500 141 "http://39.106.170.0:8080/companys/?page=5" "Mozilla/5.0 (Windows NT 10.0; WOW64) AppleWebKit/537.36 (KHTML, like Gecko) Chrome/65.0.3325.181 Safari/537.36"
223.96.145.117 - - [10/Apr/2018:16:22:22 +0800] "GET / HTTP/1.1" 500 141 "http://39.106.170.0:8080/companys/?page=5" "Mozilla/5.0 (Windows NT 10.0; WOW64) AppleWebKit/537.36 (KHTML, like Gecko) Chrome/65.0.3325.181 Safari/537.36"
223.96.145.117 - - [10/Apr/2018:16:22:23 +0800] "GET / HTTP/1.1" 500 141 "http://39.106.170.0:8080/companys/?page=5" "Mozilla/5.0 (Windows NT 10.0; WOW64) AppleWebKit/537.36 (KHTML, like Gecko) Chrome/65.0.3325.181 Safari/537.36"
223.96.145.117 - - [10/Apr/2018:16:22:31 +0800] "GET / HTTP/1.1" 500 141 "-" "Mozilla/5.0 (Windows NT 10.0; WOW64) AppleWebKit/537.36 (KHTML, like Gecko) Chrome/65.0.3325.181 Safari/537.36"
223.96.145.117 - - [10/Apr/2018:16:22:57 +0800] "GET / HTTP/1.1" 200 2456 "-" "Mozilla/5.0 (Windows NT 10.0; WOW64) AppleWebKit/537.36 (KHTML, like Gecko) Chrome/65.0.3325.181 Safari/537.36"
120.204.17.70 - - [10/Apr/2018:16:23:02 +0800] "GET / HTTP/1.1" 200 13873 "http://39.106.170.0:8080/companys/?page=5" "Mozilla/5.0 (Windows NT 6.1; WOW64) AppleWebKit/537.36 (KHTML, like Gecko) Chrome/45.0.2454.101 Safari/537.36"
223.96.145.117 - - [10/Apr/2018:16:24:17 +0800] "GET / HTTP/1.1" 200 2461 "-" "Mozilla/5.0 (Windows NT 10.0; WOW64) AppleWebKit/537.36 (KHTML, like Gecko) Chrome/65.0.3325.181 Safari/537.36"
223.96.145.117 - - [10/Apr/2018:16:26:28 +0800] "GET / HTTP/1.1" 200 2461 "-" "Mozilla/5.0 (Windows NT 10.0; WOW64) AppleWebKit/537.36 (KHTML, like Gecko) Chrome/65.0.3325.181 Safari/537.36"
223.96.145.117 - - [10/Apr/2018:16:26:29 +0800] "GET / HTTP/1.1" 200 2461 "-" "Mozilla/5.0 (Windows NT 10.0; WOW64) AppleWebKit/537.36 (KHTML, like Gecko) Chrome/65.0.3325.181 Safari/537.36"
223.96.145.117 - - [10/Apr/2018:16:26:30 +0800] "GET / HTTP/1.1" 200 2461 "-" "Mozilla/5.0 (Windows NT 10.0; WOW64) AppleWebKit/537.36 (KHTML, like Gecko) Chrome/65.0.3325.181 Safari/537.36"
223.96.145.117 - - [10/Apr/2018:16:26:33 +0800] "GET / HTTP/1.1" 200 2461 "-" "Mozilla/5.0 (Windows NT 10.0; WOW64) AppleWebKit/537.36 (KHTML, like Gecko) Chrome/65.0.3325.181 Safari/537.36"
114.215.45.79 - - [10/Apr/2018:16:26:34 +0800] "GET / HTTP/1.1" 200 42 "-" "-"
223.96.145.117 - - [10/Apr/2018:16:26:34 +0800] "GET / HTTP/1.1" 200 2461 "-" "Mozilla/5.0 (Windows NT 10.0; WOW64) AppleWebKit/537.36 (KHTML, like Gecko) Chrome/65.0.3325.181 Safari/537.36"
223.96.145.117 - - [10/Apr/2018:16:27:58 +0800] "GET / HTTP/1.1" 200 2461 "-" "Mozilla/5.0 (Windows NT 10.0; WOW64) AppleWebKit/537.36 (KHTML, like Gecko) Chrome/65.0.3325.181 Safari/537.36"
223.96.145.117 - - [10/Apr/2018:16:27:59 +0800] "GET / HTTP/1.1" 200 2461 "-" "Mozilla/5.0 (Windows NT 10.0; WOW64) AppleWebKit/537.36 (KHTML, like Gecko) Chrome/65.0.3325.181 Safari/537.36"
223.96.145.117 - - [10/Apr/2018:16:27:59 +0800] "GET / HTTP/1.1" 200 2461 "-" "Mozilla/5.0 (Windows NT 10.0; WOW64) AppleWebKit/537.36 (KHTML, like Gecko) Chrome/65.0.3325.181 Safari/537.36"
223.96.145.117 - - [10/Apr/2018:16:28:09 +0800] "GET / HTTP/1.1" 200 2461 "-" "Mozilla/5.0 (Windows NT 10.0; WOW64; rv:59.0) Gecko/20100101 Firefox/59.0"
223.96.145.117 - - [10/Apr/2018:16:28:10 +0800] "GET /favicon.ico HTTP/1.1" 404 209 "-" "Mozilla/5.0 (Windows NT 10.0; WOW64; rv:59.0) Gecko/20100101 Firefox/59.0"
223.96.145.117 - - [10/Apr/2018:16:30:12 +0800] "GET /companys/ HTTP/1.1" 200 1805 "http://39.106.170.0:8080/" "Mozilla/5.0 (Windows NT 10.0; WOW64; rv:59.0) Gecko/20100101 Firefox/59.0"
163.177.90.152 - - [10/Apr/2018:16:33:34 +0800] "GET / HTTP/1.1" 200 76 "-" "Mozilla/5.0 (iPhone; CPU iPhone OS 9_3_4 like Mac OS X) AppleWebKit/601.1.46 (KHTML, like Gecko) Mobile/13G35 QQ/6.5.3.410 V1_IPH_SQ_6.5.3_1_APP_A Pixel/750 Core/UIWebView NetType/2G Mem/117"
61.151.178.177 - - [10/Apr/2018:16:34:33 +0800] "GET / HTTP/1.1" 200 42 "-" "Mozilla/5.0 (Windows NT 6.1; WOW64; Trident/7.0; SLCC2; .NET CLR 2.0.50727; .NET CLR 3.5.30729; .NET CLR 3.0.30729; Media Center PC 6.0; .NET4.0C; .NET4.0E; InfoPath.3; rv:11.0) like Gecko"
61.233.14.30 - - [10/Apr/2018:16:49:14 +0800] "POST /wls-wsat/CoordinatorPortType HTTP/1.1" 404 233 "-" "Mozilla/5.0 (Windows NT 6.1; rv:5.0) Gecko/20100101 Firefox/5.0"
223.96.145.117 - - [10/Apr/2018:16:56:25 +0800] "GET /jobs/ HTTP/1.1" 200 1831 "http://39.106.170.0:8080/" "Mozilla/5.0 (Windows NT 10.0; WOW64) AppleWebKit/537.36 (KHTML, like Gecko) Chrome/65.0.3325.181 Safari/537.36"
223.96.145.117 - - [10/Apr/2018:16:56:46 +0800] "GET /jobs/?page=4 HTTP/1.1" 200 1664 "http://39.106.170.0:8080/jobs/" "Mozilla/5.0 (Windows NT 10.0; WOW64) AppleWebKit/537.36 (KHTML, like Gecko) Chrome/65.0.3325.181 Safari/537.36"
223.96.145.117 - - [10/Apr/2018:16:58:29 +0800] "GET / HTTP/1.1" 200 2461 "http://39.106.170.0:8080/jobs/?page=4" "Mozilla/5.0 (Windows NT 10.0; WOW64) AppleWebKit/537.36 (KHTML, like Gecko) Chrome/65.0.3325.181 Safari/537.36"
223.96.145.117 - - [10/Apr/2018:17:06:10 +0800] "GET /login HTTP/1.1" 200 1126 "http://39.106.170.0:8080/" "Mozilla/5.0 (Windows NT 10.0; WOW64) AppleWebKit/537.36 (KHTML, like Gecko) Chrome/65.0.3325.181 Safari/537.36"
223.96.145.117 - - [10/Apr/2018:17:06:57 +0800] "GET / HTTP/1.1" 200 2463 "http://39.106.170.0:8080/jobs/?page=4" "Mozilla/5.0 (Windows NT 10.0; WOW64) AppleWebKit/537.36 (KHTML, like Gecko) Chrome/65.0.3325.181 Safari/537.36"
223.96.145.117 - - [10/Apr/2018:17:07:08 +0800] "GET /login HTTP/1.1" 200 1126 "-" "Mozilla/5.0 (Windows NT 10.0; WOW64) AppleWebKit/537.36 (KHTML, like Gecko) Chrome/65.0.3325.181 Safari/537.36"
223.96.145.117 - - [10/Apr/2018:17:07:11 +0800] "GET /login HTTP/1.1" 200 1129 "http://39.106.170.0:8080/" "Mozilla/5.0 (Windows NT 10.0; WOW64) AppleWebKit/537.36 (KHTML, like Gecko) Chrome/65.0.3325.181 Safari/537.36"
223.96.145.117 - - [10/Apr/2018:17:08:33 +0800] "GET / HTTP/1.1" 200 2346 "http://39.106.170.0:8080/jobs/?page=4" "Mozilla/5.0 (Windows NT 10.0; WOW64) AppleWebKit/537.36 (KHTML, like Gecko) Chrome/65.0.3325.181 Safari/537.36"
223.96.145.117 - - [10/Apr/2018:17:23:52 +0800] "GET / HTTP/1.1" 500 141 "http://39.106.170.0:8080/" "Mozilla/5.0 (Windows NT 10.0; WOW64) AppleWebKit/537.36 (KHTML, like Gecko) Chrome/65.0.3325.181 Safari/537.36"
223.96.145.117 - - [10/Apr/2018:17:27:45 +0800] "GET / HTTP/1.1" 500 141 "http://39.106.170.0:8080/" "Mozilla/5.0 (Windows NT 10.0; WOW64) AppleWebKit/537.36 (KHTML, like Gecko) Chrome/65.0.3325.181 Safari/537.36"
223.96.145.117 - - [10/Apr/2018:17:27:46 +0800] "GET / HTTP/1.1" 500 141 "http://39.106.170.0:8080/" "Mozilla/5.0 (Windows NT 10.0; WOW64) AppleWebKit/537.36 (KHTML, like Gecko) Chrome/65.0.3325.181 Safari/537.36"
223.96.145.117 - - [10/Apr/2018:17:27:46 +0800] "GET / HTTP/1.1" 500 141 "http://39.106.170.0:8080/" "Mozilla/5.0 (Windows NT 10.0; WOW64) AppleWebKit/537.36 (KHTML, like Gecko) Chrome/65.0.3325.181 Safari/537.36"
223.96.145.117 - - [10/Apr/2018:17:27:53 +0800] "GET / HTTP/1.1" 200 76 "-" "Mozilla/5.0 (Windows NT 10.0; WOW64) AppleWebKit/537.36 (KHTML, like Gecko) Chrome/65.0.3325.181 Safari/537.36"
223.96.145.117 - - [10/Apr/2018:17:28:01 +0800] "GET / HTTP/1.1" 500 141 "-" "Mozilla/5.0 (Windows NT 10.0; WOW64) AppleWebKit/537.36 (KHTML, like Gecko) Chrome/65.0.3325.181 Safari/537.36"
223.96.145.117 - - [10/Apr/2018:17:28:04 +0800] "GET / HTTP/1.1" 500 141 "-" "Mozilla/5.0 (Windows NT 10.0; WOW64) AppleWebKit/537.36 (KHTML, like Gecko) Chrome/65.0.3325.181 Safari/537.36"
216.145.5.42 - - [10/Apr/2018:17:34:50 +0800] "GET / HTTP/1.1" 500 7075 "-" "Mozilla/5.0 (Macintosh; Intel Mac OS X 10.10; rv:59.0) Gecko/20100101 Firefox/59.0"
106.11.242.9 - - [10/Apr/2018:17:41:21 +0800] "GET / HTTP/1.1" 500 47410 "-" "Mozilla/5.0 (iPad; CPU OS 9_1 like Mac OS X) AppleWebKit/601.1.46 (KHTML, like Gecko) Version/9.0 Mobile/13B143 Safari/601.1"
196.52.43.64 - - [10/Apr/2018:17:42:12 +0800] "GET / HTTP/1.0" 500 46615 "-" "Mozilla/5.0(WindowsNT6.1;rv:31.0)Gecko/20100101Firefox/31.0"
223.96.145.117 - - [10/Apr/2018:17:51:43 +0800] "GET / HTTP/1.1" 200 2474 "-" "Mozilla/5.0 (Windows NT 10.0; WOW64) AppleWebKit/537.36 (KHTML, like Gecko) Chrome/65.0.3325.181 Safari/537.36"
223.96.145.117 - - [10/Apr/2018:17:51:47 +0800] "GET /login HTTP/1.1" 200 1128 "http://39.106.170.0:8080/" "Mozilla/5.0 (Windows NT 10.0; WOW64) AppleWebKit/537.36 (KHTML, like Gecko) Chrome/65.0.3325.181 Safari/537.36"
223.96.145.117 - - [10/Apr/2018:17:51:48 +0800] "GET /reigster-hr HTTP/1.1" 200 1113 "http://39.106.170.0:8080/login" "Mozilla/5.0 (Windows NT 10.0; WOW64) AppleWebKit/537.36 (KHTML, like Gecko) Chrome/65.0.3325.181 Safari/537.36"
223.96.145.117 - - [10/Apr/2018:17:51:49 +0800] "GET /reigster-vister HTTP/1.1" 200 1385 "http://39.106.170.0:8080/reigster-hr" "Mozilla/5.0 (Windows NT 10.0; WOW64) AppleWebKit/537.36 (KHTML, like Gecko) Chrome/65.0.3325.181 Safari/537.36"
223.96.145.117 - - [10/Apr/2018:17:51:58 +0800] "GET / HTTP/1.1" 200 2474 "http://39.106.170.0:8080/reigster-vister" "Mozilla/5.0 (Windows NT 10.0; WOW64) AppleWebKit/537.36 (KHTML, like Gecko) Chrome/65.0.3325.181 Safari/537.36"
223.96.145.117 - - [10/Apr/2018:17:52:00 +0800] "GET /jobs/job/4352 HTTP/1.1" 200 2490 "http://39.106.170.0:8080/" "Mozilla/5.0 (Windows NT 10.0; WOW64) AppleWebKit/537.36 (KHTML, like Gecko) Chrome/65.0.3325.181 Safari/537.36"
223.96.145.117 - - [10/Apr/2018:17:52:05 +0800] "GET /jobs/job/4353 HTTP/1.1" 200 2404 "http://39.106.170.0:8080/" "Mozilla/5.0 (Windows NT 10.0; WOW64) AppleWebKit/537.36 (KHTML, like Gecko) Chrome/65.0.3325.181 Safari/537.36"
223.96.145.117 - - [10/Apr/2018:17:52:28 +0800] "GET /jobs/job/4354 HTTP/1.1" 200 1764 "http://39.106.170.0:8080/" "Mozilla/5.0 (Windows NT 10.0; WOW64) AppleWebKit/537.36 (KHTML, like Gecko) Chrome/65.0.3325.181 Safari/537.36"
120.204.17.71 - - [10/Apr/2018:17:52:49 +0800] "GET /reigster-vister HTTP/1.1" 200 4589 "http://39.106.170.0:8080/reigster-hr" "Mozilla/5.0 (Windows NT 6.1; WOW64) AppleWebKit/537.36 (KHTML, like Gecko) Chrome/43.0.2357.124 Safari/537.36"
117.185.117.51 - - [10/Apr/2018:17:53:00 +0800] "GET /jobs/job/4352 HTTP/1.1" 200 6736 "http://39.106.170.0:8080/" "Mozilla/5.0 (Windows NT 6.1; WOW64) AppleWebKit/537.36 (KHTML, like Gecko) Chrome/56.0.2924.87 Safari/537.36"
117.185.117.52 - - [10/Apr/2018:17:53:05 +0800] "GET /jobs/job/4353 HTTP/1.1" 200 6417 "http://39.106.170.0:8080/" "Mozilla/5.0 (Windows NT 6.1; WOW64) AppleWebKit/537.36 (KHTML, like Gecko) Chrome/45.0.2454.101 Safari/537.36"
117.185.117.51 - - [10/Apr/2018:17:53:28 +0800] "GET /jobs/job/4354 HTTP/1.1" 200 4963 "http://39.106.170.0:8080/" "Mozilla/5.0 (Windows NT 6.1; WOW64; rv:50.0) Gecko/20100101 Firefox/50.0"
223.96.145.117 - - [10/Apr/2018:17:57:10 +0800] "GET /reigster-vister HTTP/1.1" 200 1386 "http://39.106.170.0:8080/jobs/job/4354" "Mozilla/5.0 (Windows NT 10.0; WOW64) AppleWebKit/537.36 (KHTML, like Gecko) Chrome/65.0.3325.181 Safari/537.36"
223.96.145.117 - - [10/Apr/2018:17:57:34 +0800] "POST /reigster-vister HTTP/1.1" 302 219 "http://39.106.170.0:8080/reigster-vister" "Mozilla/5.0 (Windows NT 10.0; WOW64) AppleWebKit/537.36 (KHTML, like Gecko) Chrome/65.0.3325.181 Safari/537.36"
223.96.145.117 - - [10/Apr/2018:17:57:34 +0800] "GET /login HTTP/1.1" 200 1252 "http://39.106.170.0:8080/reigster-vister" "Mozilla/5.0 (Windows NT 10.0; WOW64) AppleWebKit/537.36 (KHTML, like Gecko) Chrome/65.0.3325.181 Safari/537.36"
223.96.145.117 - - [10/Apr/2018:17:57:40 +0800] "POST /login HTTP/1.1" 302 239 "http://39.106.170.0:8080/login" "Mozilla/5.0 (Windows NT 10.0; WOW64) AppleWebKit/537.36 (KHTML, like Gecko) Chrome/65.0.3325.181 Safari/537.36"
223.96.145.117 - - [10/Apr/2018:17:57:40 +0800] "GET /user/vister/131 HTTP/1.1" 200 1005 "http://39.106.170.0:8080/login" "Mozilla/5.0 (Windows NT 10.0; WOW64) AppleWebKit/537.36 (KHTML, like Gecko) Chrome/65.0.3325.181 Safari/537.36"
223.96.145.117 - - [10/Apr/2018:17:57:42 +0800] "GET /user/vister/131/createresume HTTP/1.1" 200 1796 "http://39.106.170.0:8080/user/vister/131" "Mozilla/5.0 (Windows NT 10.0; WOW64) AppleWebKit/537.36 (KHTML, like Gecko) Chrome/65.0.3325.181 Safari/537.36"
120.204.17.70 - - [10/Apr/2018:17:58:40 +0800] "GET /user/vister/131 HTTP/1.1" 200 2158 "http://39.106.170.0:8080/login" "Mozilla/5.0 (Windows NT 6.1; WOW64; Trident/7.0; SLCC2; .NET CLR 2.0.50727; .NET CLR 3.5.30729; .NET CLR 3.0.30729; Media Center PC 6.0; .NET4.0C; .NET4.0E; InfoPath.3; rv:11.0) like Gecko"
120.204.17.70 - - [10/Apr/2018:17:58:42 +0800] "GET /user/vister/131/createresume HTTP/1.1" 200 6818 "http://39.106.170.0:8080/user/vister/131" "Mozilla/5.0 (Windows NT 6.1; WOW64; rv:50.0) Gecko/20100101 Firefox/50.0"
223.96.145.117 - - [10/Apr/2018:17:58:43 +0800] "POST /user/vister/131/createresume HTTP/1.1" 200 1955 "http://39.106.170.0:8080/user/vister/131/createresume" "Mozilla/5.0 (Windows NT 10.0; WOW64) AppleWebKit/537.36 (KHTML, like Gecko) Chrome/65.0.3325.181 Safari/537.36"
223.96.145.117 - - [10/Apr/2018:17:58:56 +0800] "POST /user/vister/131/createresume HTTP/1.1" 302 239 "http://39.106.170.0:8080/user/vister/131/createresume" "Mozilla/5.0 (Windows NT 10.0; WOW64) AppleWebKit/537.36 (KHTML, like Gecko) Chrome/65.0.3325.181 Safari/537.36"
223.96.145.117 - - [10/Apr/2018:17:58:56 +0800] "GET /user/vister/131 HTTP/1.1" 200 1117 "http://39.106.170.0:8080/user/vister/131/createresume" "Mozilla/5.0 (Windows NT 10.0; WOW64) AppleWebKit/537.36 (KHTML, like Gecko) Chrome/65.0.3325.181 Safari/537.36"
223.96.145.117 - - [10/Apr/2018:17:58:59 +0800] "GET /user/vister/131/createresume HTTP/1.1" 200 1801 "http://39.106.170.0:8080/user/vister/131" "Mozilla/5.0 (Windows NT 10.0; WOW64) AppleWebKit/537.36 (KHTML, like Gecko) Chrome/65.0.3325.181 Safari/537.36"
223.96.145.117 - - [10/Apr/2018:17:59:00 +0800] "GET / HTTP/1.1" 200 2620 "http://39.106.170.0:8080/user/vister/131/createresume" "Mozilla/5.0 (Windows NT 10.0; WOW64) AppleWebKit/537.36 (KHTML, like Gecko) Chrome/65.0.3325.181 Safari/537.36"
223.96.145.117 - - [10/Apr/2018:17:59:04 +0800] "GET /user/vister/131 HTTP/1.1" 200 1005 "http://39.106.170.0:8080/" "Mozilla/5.0 (Windows NT 10.0; WOW64) AppleWebKit/537.36 (KHTML, like Gecko) Chrome/65.0.3325.181 Safari/537.36"
223.96.145.117 - - [10/Apr/2018:17:59:09 +0800] "GET /user/vister/131/createresume HTTP/1.1" 200 1798 "http://39.106.170.0:8080/user/vister/131" "Mozilla/5.0 (Windows NT 10.0; WOW64) AppleWebKit/537.36 (KHTML, like Gecko) Chrome/65.0.3325.181 Safari/537.36"
223.96.145.117 - - [10/Apr/2018:17:59:15 +0800] "GET / HTTP/1.1" 200 2620 "http://39.106.170.0:8080/user/vister/131" "Mozilla/5.0 (Windows NT 10.0; WOW64) AppleWebKit/537.36 (KHTML, like Gecko) Chrome/65.0.3325.181 Safari/537.36"
223.96.145.117 - - [10/Apr/2018:17:59:17 +0800] "GET /login HTTP/1.1" 200 1270 "http://39.106.170.0:8080/" "Mozilla/5.0 (Windows NT 10.0; WOW64) AppleWebKit/537.36 (KHTML, like Gecko) Chrome/65.0.3325.181 Safari/537.36"
223.96.145.117 - - [10/Apr/2018:17:59:22 +0800] "GET /jobs/ HTTP/1.1" 200 1992 "http://39.106.170.0:8080/" "Mozilla/5.0 (Windows NT 10.0; WOW64) AppleWebKit/537.36 (KHTML, like Gecko) Chrome/65.0.3325.181 Safari/537.36"
223.96.145.117 - - [10/Apr/2018:17:59:25 +0800] "GET /companys/ HTTP/1.1" 200 1953 "http://39.106.170.0:8080/jobs/" "Mozilla/5.0 (Windows NT 10.0; WOW64) AppleWebKit/537.36 (KHTML, like Gecko) Chrome/65.0.3325.181 Safari/537.36"
223.96.145.117 - - [10/Apr/2018:17:59:25 +0800] "GET /jobs/ HTTP/1.1" 200 1992 "http://39.106.170.0:8080/companys/" "Mozilla/5.0 (Windows NT 10.0; WOW64) AppleWebKit/537.36 (KHTML, like Gecko) Chrome/65.0.3325.181 Safari/537.36"
223.96.145.117 - - [10/Apr/2018:17:59:27 +0800] "GET /jobs/job/4135 HTTP/1.1" 200 1279 "http://39.106.170.0:8080/jobs/" "Mozilla/5.0 (Windows NT 10.0; WOW64) AppleWebKit/537.36 (KHTML, like Gecko) Chrome/65.0.3325.181 Safari/537.36"
223.96.145.117 - - [10/Apr/2018:17:59:29 +0800] "GET /jobs/job/131/4135/deliver HTTP/1.1" 200 1382 "http://39.106.170.0:8080/jobs/job/4135" "Mozilla/5.0 (Windows NT 10.0; WOW64) AppleWebKit/537.36 (KHTML, like Gecko) Chrome/65.0.3325.181 Safari/537.36"
223.96.145.117 - - [10/Apr/2018:17:59:36 +0800] "GET /user/vister/131 HTTP/1.1" 200 1005 "http://39.106.170.0:8080/jobs/job/131/4135/deliver" "Mozilla/5.0 (Windows NT 10.0; WOW64) AppleWebKit/537.36 (KHTML, like Gecko) Chrome/65.0.3325.181 Safari/537.36"
223.96.145.117 - - [10/Apr/2018:17:59:54 +0800] "GET / HTTP/1.1" 200 2620 "http://39.106.170.0:8080/user/vister/131" "Mozilla/5.0 (Windows NT 10.0; WOW64) AppleWebKit/537.36 (KHTML, like Gecko) Chrome/65.0.3325.181 Safari/537.36"
117.185.117.52 - - [10/Apr/2018:18:00:00 +0800] "GET / HTTP/1.1" 200 14179 "http://39.106.170.0:8080/user/vister/131/createresume" "Mozilla/5.0 (Macintosh; Intel Mac OS X 10_12_4) AppleWebKit/537.36 (KHTML, like Gecko) \x09\x09\x09Chrome/55.0.2883.95 Safari/537.36"
223.96.145.117 - - [10/Apr/2018:18:00:21 +0800] "GET /login HTTP/1.1" 200 1272 "http://39.106.170.0:8080/" "Mozilla/5.0 (Windows NT 10.0; WOW64) AppleWebKit/537.36 (KHTML, like Gecko) Chrome/65.0.3325.181 Safari/537.36"
120.204.17.72 - - [10/Apr/2018:18:00:27 +0800] "GET /jobs/job/4135 HTTP/1.1" 200 2785 "http://39.106.170.0:8080/jobs/" "Mozilla/5.0 (Windows NT 6.1; WOW64) AppleWebKit/537.36 (KHTML, like Gecko) Chrome/56.0.2924.87 Safari/537.36"
223.96.145.117 - - [10/Apr/2018:18:00:28 +0800] "GET /jobs/job/4352 HTTP/1.1" 200 2661 "http://39.106.170.0:8080/" "Mozilla/5.0 (Windows NT 10.0; WOW64) AppleWebKit/537.36 (KHTML, like Gecko) Chrome/65.0.3325.181 Safari/537.36"
120.204.17.72 - - [10/Apr/2018:18:00:29 +0800] "GET /jobs/job/131/4135/deliver HTTP/1.1" 200 3154 "http://39.106.170.0:8080/jobs/job/4135" "Mozilla/5.0 (Macintosh; Intel Mac OS X 10_12_4) AppleWebKit/537.36 (KHTML, like Gecko) \x09\x09\x09Chrome/55.0.2883.95 Safari/537.36"
223.96.145.117 - - [10/Apr/2018:18:00:37 +0800] "GET /jobs/job/131/4352/deliver HTTP/1.1" 200 2767 "http://39.106.170.0:8080/jobs/job/4352" "Mozilla/5.0 (Windows NT 10.0; WOW64) AppleWebKit/537.36 (KHTML, like Gecko) Chrome/65.0.3325.181 Safari/537.36"
223.96.145.117 - - [10/Apr/2018:18:02:36 +0800] "GET /jobs/job/131/4352/deliver HTTP/1.1" 200 2767 "http://39.106.170.0:8080/jobs/job/4352" "Mozilla/5.0 (Windows NT 10.0; WOW64) AppleWebKit/537.36 (KHTML, like Gecko) Chrome/65.0.3325.181 Safari/537.36"
223.96.145.117 - - [10/Apr/2018:18:02:38 +0800] "GET / HTTP/1.1" 200 2620 "http://39.106.170.0:8080/jobs/job/131/4352/deliver" "Mozilla/5.0 (Windows NT 10.0; WOW64) AppleWebKit/537.36 (KHTML, like Gecko) Chrome/65.0.3325.181 Safari/537.36"
223.96.145.117 - - [10/Apr/2018:18:03:25 +0800] "GET /jobs/job/4352 HTTP/1.1" 200 2650 "http://39.106.170.0:8080/" "Mozilla/5.0 (Windows NT 10.0; WOW64) AppleWebKit/537.36 (KHTML, like Gecko) Chrome/65.0.3325.181 Safari/537.36"
223.96.145.117 - - [10/Apr/2018:18:03:30 +0800] "GET /companys/ HTTP/1.1" 200 1953 "http://39.106.170.0:8080/jobs/job/4352" "Mozilla/5.0 (Windows NT 10.0; WOW64) AppleWebKit/537.36 (KHTML, like Gecko) Chrome/65.0.3325.181 Safari/537.36"
223.96.145.117 - - [10/Apr/2018:18:03:35 +0800] "GET /jobs/ HTTP/1.1" 200 1992 "http://39.106.170.0:8080/companys/" "Mozilla/5.0 (Windows NT 10.0; WOW64) AppleWebKit/537.36 (KHTML, like Gecko) Chrome/65.0.3325.181 Safari/537.36"
223.96.145.117 - - [10/Apr/2018:18:03:38 +0800] "GET /jobs/job/4135 HTTP/1.1" 200 1271 "http://39.106.170.0:8080/jobs/" "Mozilla/5.0 (Windows NT 10.0; WOW64) AppleWebKit/537.36 (KHTML, like Gecko) Chrome/65.0.3325.181 Safari/537.36"
39.106.205.11 - - [10/Apr/2018:18:56:59 +0800] "GET /manager/html HTTP/1.1" 404 233 "-" "Mozilla/5.0 (compatible; MSIE 10.0; Windows NT 6.2; WOW64; Trident/6.0)"
60.191.38.78 - - [10/Apr/2018:19:04:03 +0800] "GET / HTTP/1.1" 200 14179 "-" "Mozilla/5.0 (Macintosh; Intel Mac OS X 10.11; rv:47.0) Gecko/20100101 Firefox/47.0"
60.191.38.78 - - [10/Apr/2018:21:00:09 +0800] "GET / HTTP/1.1" 200 14179 "-" "Mozilla/5.0 (Macintosh; Intel Mac OS X 10.11; rv:47.0) Gecko/20100101 Firefox/47.0"
60.191.38.78 - - [10/Apr/2018:21:00:09 +0800] "\x15\x03\x01\x00 |L\xA0m/\xE4\x02\x01K2\x14\x83@\xC3\x22V\x0B\xB8e;\xE0\xCA<\xF3\x07Qz\xF0\xD5\x0C \xB1" 400 181 "-" "-"
223.96.145.117 - - [10/Apr/2018:21:33:51 +0800] "GET / HTTP/1.1" 200 76 "-" "Mozilla/5.0 (Windows NT 10.0; WOW64; rv:59.0) Gecko/20100101 Firefox/59.0"
223.96.145.117 - - [10/Apr/2018:21:33:51 +0800] "GET /favicon.ico HTTP/1.1" 404 209 "-" "Mozilla/5.0 (Windows NT 10.0; WOW64; rv:59.0) Gecko/20100101 Firefox/59.0"
223.96.145.117 - - [10/Apr/2018:21:34:00 +0800] "GET / HTTP/1.1" 200 2474 "-" "Mozilla/5.0 (Windows NT 10.0; WOW64; rv:59.0) Gecko/20100101 Firefox/59.0"
223.96.145.117 - - [10/Apr/2018:21:34:00 +0800] "GET /static/main.css HTTP/1.1" 499 0 "http://39.106.170.0:8080/" "Mozilla/5.0 (Windows NT 10.0; WOW64; rv:59.0) Gecko/20100101 Firefox/59.0"
223.96.145.117 - - [10/Apr/2018:21:34:01 +0800] "GET /favicon.ico HTTP/1.1" 404 209 "-" "Mozilla/5.0 (Windows NT 10.0; WOW64; rv:59.0) Gecko/20100101 Firefox/59.0"
223.96.145.117 - - [10/Apr/2018:21:34:04 +0800] "GET /jobs/job/4352 HTTP/1.1" 200 2490 "http://39.106.170.0:8080/" "Mozilla/5.0 (Windows NT 10.0; WOW64; rv:59.0) Gecko/20100101 Firefox/59.0"
223.96.145.117 - - [10/Apr/2018:21:34:57 +0800] "GET /jobs/job/4352 HTTP/1.1" 200 2525 "http://39.106.170.0:8080/" "Mozilla/5.0 (Windows NT 10.0; WOW64; rv:59.0) Gecko/20100101 Firefox/59.0"
223.96.145.117 - - [10/Apr/2018:21:34:57 +0800] "GET /static/main.css HTTP/1.1" 200 615 "http://39.106.170.0:8080/jobs/job/4352" "Mozilla/5.0 (Windows NT 10.0; WOW64; rv:59.0) Gecko/20100101 Firefox/59.0"
223.96.145.117 - - [10/Apr/2018:21:35:40 +0800] "GET / HTTP/1.1" 200 2474 "http://39.106.170.0:8080/jobs/job/4352" "Mozilla/5.0 (Windows NT 10.0; WOW64; rv:59.0) Gecko/20100101 Firefox/59.0"
223.96.145.117 - - [10/Apr/2018:21:35:44 +0800] "GET /jobs/job/4353 HTTP/1.1" 200 2443 "http://39.106.170.0:8080/" "Mozilla/5.0 (Windows NT 10.0; WOW64; rv:59.0) Gecko/20100101 Firefox/59.0"
223.96.145.117 - - [10/Apr/2018:21:35:57 +0800] "GET /jobs/job/4354 HTTP/1.1" 200 1804 "http://39.106.170.0:8080/" "Mozilla/5.0 (Windows NT 10.0; WOW64; rv:59.0) Gecko/20100101 Firefox/59.0"
223.96.145.117 - - [10/Apr/2018:21:36:31 +0800] "GET /jobs/job/4354 HTTP/1.1" 200 1781 "http://39.106.170.0:8080/" "Mozilla/5.0 (Windows NT 10.0; WOW64; rv:59.0) Gecko/20100101 Firefox/59.0"
223.96.145.117 - - [10/Apr/2018:21:36:31 +0800] "GET /static/main.css HTTP/1.1" 304 0 "http://39.106.170.0:8080/jobs/job/4354" "Mozilla/5.0 (Windows NT 10.0; WOW64; rv:59.0) Gecko/20100101 Firefox/59.0"
223.96.145.117 - - [10/Apr/2018:21:36:44 +0800] "GET / HTTP/1.1" 200 2474 "http://39.106.170.0:8080/jobs/job/4354" "Mozilla/5.0 (Windows NT 10.0; WOW64; rv:59.0) Gecko/20100101 Firefox/59.0"
117.185.117.55 - - [10/Apr/2018:21:36:45 +0800] "GET /jobs/job/4353 HTTP/1.1" 200 4639 "http://39.106.170.0:8080/" "Mozilla/5.0 (Windows NT 6.1; WOW64) AppleWebKit/537.36 (KHTML, like Gecko) Chrome/45.0.2454.101 Safari/537.36"
223.96.145.117 - - [10/Apr/2018:21:36:46 +0800] "GET /reigster-vister HTTP/1.1" 200 1386 "http://39.106.170.0:8080/" "Mozilla/5.0 (Windows NT 10.0; WOW64; rv:59.0) Gecko/20100101 Firefox/59.0"
223.96.145.117 - - [10/Apr/2018:21:36:47 +0800] "GET /login HTTP/1.1" 200 1125 "http://39.106.170.0:8080/reigster-vister" "Mozilla/5.0 (Windows NT 10.0; WOW64; rv:59.0) Gecko/20100101 Firefox/59.0"
120.204.17.70 - - [10/Apr/2018:21:36:57 +0800] "GET /jobs/job/4354 HTTP/1.1" 200 3901 "http://39.106.170.0:8080/" "Mozilla/5.0 (Windows NT 6.1; WOW64; rv:50.0) Gecko/20100101 Firefox/50.0"
223.96.145.117 - - [10/Apr/2018:21:37:07 +0800] "POST /login HTTP/1.1" 302 239 "http://39.106.170.0:8080/login" "Mozilla/5.0 (Windows NT 10.0; WOW64; rv:59.0) Gecko/20100101 Firefox/59.0"
223.96.145.117 - - [10/Apr/2018:21:37:07 +0800] "GET /user/vister/131 HTTP/1.1" 200 1005 "http://39.106.170.0:8080/login" "Mozilla/5.0 (Windows NT 10.0; WOW64; rv:59.0) Gecko/20100101 Firefox/59.0"
117.185.117.51 - - [10/Apr/2018:21:37:47 +0800] "GET /login HTTP/1.1" 200 2663 "http://39.106.170.0:8080/reigster-vister" "Mozilla/5.0 (Windows NT 6.1; WOW64) AppleWebKit/537.36 (KHTML, like Gecko) Chrome/53.0.2785.104 Safari/537.36 Core/1.53.2141.400 QQBrowser/9.5.10219.400"
211.23.154.138 - - [10/Apr/2018:21:57:57 +0800] "GET / HTTP/1.1" 200 76 "-" "Mozilla/5.0 zgrab/0.x"
223.96.145.117 - - [10/Apr/2018:22:04:08 +0800] "GET /login HTTP/1.1" 200 1274 "http://39.106.170.0:8080/reigster-vister" "Mozilla/5.0 (Windows NT 10.0; WOW64; rv:59.0) Gecko/20100101 Firefox/59.0"
223.96.145.117 - - [10/Apr/2018:22:04:14 +0800] "POST /login HTTP/1.1" 302 239 "http://39.106.170.0:8080/login" "Mozilla/5.0 (Windows NT 10.0; WOW64; rv:59.0) Gecko/20100101 Firefox/59.0"
223.96.145.117 - - [10/Apr/2018:22:04:14 +0800] "GET /user/vister/131 HTTP/1.1" 500 141 "http://39.106.170.0:8080/login" "Mozilla/5.0 (Windows NT 10.0; WOW64; rv:59.0) Gecko/20100101 Firefox/59.0"
223.96.145.117 - - [10/Apr/2018:22:05:05 +0800] "GET / HTTP/1.1" 200 2620 "-" "Mozilla/5.0 (Windows NT 10.0; WOW64; rv:59.0) Gecko/20100101 Firefox/59.0"
223.96.145.117 - - [10/Apr/2018:22:05:10 +0800] "GET /user/vister/131 HTTP/1.1" 500 141 "http://39.106.170.0:8080/" "Mozilla/5.0 (Windows NT 10.0; WOW64; rv:59.0) Gecko/20100101 Firefox/59.0"
60.191.38.78 - - [10/Apr/2018:22:07:32 +0800] "GET / HTTP/1.1" 200 42 "-" "Mozilla/5.0 (Macintosh; Intel Mac OS X 10.11; rv:47.0) Gecko/20100101 Firefox/47.0"
60.191.38.78 - - [10/Apr/2018:22:26:28 +0800] "GET / HTTP/1.1" 200 14179 "-" "Mozilla/5.0 (Macintosh; Intel Mac OS X 10.11; rv:47.0) Gecko/20100101 Firefox/47.0"
223.96.145.117 - - [10/Apr/2018:22:26:49 +0800] "GET / HTTP/1.1" 200 2620 "-" "Mozilla/5.0 (Windows NT 10.0; WOW64; rv:59.0) Gecko/20100101 Firefox/59.0"
223.96.145.117 - - [10/Apr/2018:22:26:51 +0800] "GET /jobs/ HTTP/1.1" 200 1992 "http://39.106.170.0:8080/" "Mozilla/5.0 (Windows NT 10.0; WOW64; rv:59.0) Gecko/20100101 Firefox/59.0"
223.96.145.117 - - [10/Apr/2018:22:27:11 +0800] "GET /companys/ HTTP/1.1" 200 1953 "http://39.106.170.0:8080/jobs/" "Mozilla/5.0 (Windows NT 10.0; WOW64; rv:59.0) Gecko/20100101 Firefox/59.0"
223.96.145.117 - - [10/Apr/2018:22:27:48 +0800] "GET / HTTP/1.1" 200 2620 "http://39.106.170.0:8080/companys/" "Mozilla/5.0 (Windows NT 10.0; WOW64; rv:59.0) Gecko/20100101 Firefox/59.0"
141.212.122.32 - - [10/Apr/2018:22:38:55 +0800] "GET / HTTP/1.1" 200 76 "-" "Mozilla/5.0 zgrab/0.x"
223.96.145.117 - - [10/Apr/2018:23:12:58 +0800] "GET /companys/ HTTP/1.1" 500 141 "http://39.106.170.0:8080/" "Mozilla/5.0 (Windows NT 10.0; WOW64; rv:59.0) Gecko/20100101 Firefox/59.0"
223.96.145.117 - - [10/Apr/2018:23:13:00 +0800] "GET /static/main.css HTTP/1.1" 499 0 "http://39.106.170.0:8080/" "Mozilla/5.0 (Windows NT 10.0; WOW64; rv:59.0) Gecko/20100101 Firefox/59.0"
223.96.145.117 - - [10/Apr/2018:23:13:01 +0800] "GET /jobs/ HTTP/1.1" 200 1992 "http://39.106.170.0:8080/" "Mozilla/5.0 (Windows NT 10.0; WOW64; rv:59.0) Gecko/20100101 Firefox/59.0"
223.96.145.117 - - [10/Apr/2018:23:13:02 +0800] "GET / HTTP/1.1" 500 141 "http://39.106.170.0:8080/jobs/" "Mozilla/5.0 (Windows NT 10.0; WOW64; rv:59.0) Gecko/20100101 Firefox/59.0"
223.96.145.117 - - [10/Apr/2018:23:15:38 +0800] "GET / HTTP/1.1" 500 8552 "-" "Mozilla/5.0 (Windows NT 10.0; WOW64; rv:59.0) Gecko/20100101 Firefox/59.0"
223.96.145.117 - - [10/Apr/2018:23:15:38 +0800] "GET /?__debugger__=yes&cmd=resource&f=style.css HTTP/1.1" 200 6270 "http://39.106.170.0/" "Mozilla/5.0 (Windows NT 10.0; WOW64; rv:59.0) Gecko/20100101 Firefox/59.0"
223.96.145.117 - - [10/Apr/2018:23:15:38 +0800] "GET /?__debugger__=yes&cmd=resource&f=jquery.js HTTP/1.1" 200 95957 "http://39.106.170.0/" "Mozilla/5.0 (Windows NT 10.0; WOW64; rv:59.0) Gecko/20100101 Firefox/59.0"
223.96.145.117 - - [10/Apr/2018:23:15:38 +0800] "GET /?__debugger__=yes&cmd=resource&f=debugger.js HTTP/1.1" 200 6264 "http://39.106.170.0/" "Mozilla/5.0 (Windows NT 10.0; WOW64; rv:59.0) Gecko/20100101 Firefox/59.0"
223.96.145.117 - - [10/Apr/2018:23:15:38 +0800] "GET /?__debugger__=yes&cmd=resource&f=ubuntu.ttf HTTP/1.1" 200 70220 "http://39.106.170.0/?__debugger__=yes&cmd=resource&f=style.css" "Mozilla/5.0 (Windows NT 10.0; WOW64; rv:59.0) Gecko/20100101 Firefox/59.0"
223.96.145.117 - - [10/Apr/2018:23:15:38 +0800] "GET /?__debugger__=yes&cmd=resource&f=console.png HTTP/1.1" 200 507 "http://39.106.170.0/" "Mozilla/5.0 (Windows NT 10.0; WOW64; rv:59.0) Gecko/20100101 Firefox/59.0"
223.96.145.117 - - [10/Apr/2018:23:15:38 +0800] "GET /?__debugger__=yes&cmd=resource&f=console.png HTTP/1.1" 200 507 "-" "Mozilla/5.0 (Windows NT 10.0; WOW64; rv:59.0) Gecko/20100101 Firefox/59.0"
223.96.145.117 - - [10/Apr/2018:23:15:38 +0800] "GET /?__debugger__=yes&cmd=resource&f=console.png HTTP/1.1" 200 507 "-" "Mozilla/5.0 (Windows NT 10.0; WOW64; rv:59.0) Gecko/20100101 Firefox/59.0"
120.204.17.72 - - [10/Apr/2018:23:16:38 +0800] "GET /?__debugger__=yes&cmd=resource&f=ubuntu.ttf HTTP/1.1" 200 70220 "http://39.106.170.0/?__debugger__=yes&cmd=resource&f=style.css" "Mozilla/5.0 (Macintosh; Intel Mac OS X 10_12_4) AppleWebKit/537.36 (KHTML, like Gecko) \x09\x09\x09Chrome/55.0.2883.95 Safari/537.36"
117.185.117.56 - - [10/Apr/2018:23:16:38 +0800] "GET /?__debugger__=yes&cmd=resource&f=console.png HTTP/1.1" 200 507 "http://39.106.170.0/" "Mozilla/5.0 (Windows NT 6.1; WOW64) AppleWebKit/537.36 (KHTML, like Gecko) Chrome/45.0.2454.101 Safari/537.36"
223.96.145.117 - - [10/Apr/2018:23:16:49 +0800] "GET / HTTP/1.1" 200 2630 "-" "Mozilla/5.0 (Windows NT 10.0; WOW64; rv:59.0) Gecko/20100101 Firefox/59.0"
223.96.145.117 - - [10/Apr/2018:23:16:49 +0800] "GET /static/main.css HTTP/1.1" 200 615 "http://39.106.170.0/" "Mozilla/5.0 (Windows NT 10.0; WOW64; rv:59.0) Gecko/20100101 Firefox/59.0"
223.96.145.117 - - [10/Apr/2018:23:16:51 +0800] "GET /jobs/ HTTP/1.1" 200 1992 "http://39.106.170.0/" "Mozilla/5.0 (Windows NT 10.0; WOW64; rv:59.0) Gecko/20100101 Firefox/59.0"
223.96.145.117 - - [10/Apr/2018:23:16:55 +0800] "GET /companys/ HTTP/1.1" 200 1991 "http://39.106.170.0/jobs/" "Mozilla/5.0 (Windows NT 10.0; WOW64; rv:59.0) Gecko/20100101 Firefox/59.0"
223.96.145.117 - - [10/Apr/2018:23:16:58 +0800] "GET /companys/703 HTTP/1.1" 500 20363 "http://39.106.170.0/companys/" "Mozilla/5.0 (Windows NT 10.0; WOW64; rv:59.0) Gecko/20100101 Firefox/59.0"
223.96.145.117 - - [10/Apr/2018:23:16:58 +0800] "GET /companys/703?__debugger__=yes&cmd=resource&f=style.css HTTP/1.1" 200 6270 "http://39.106.170.0/companys/703" "Mozilla/5.0 (Windows NT 10.0; WOW64; rv:59.0) Gecko/20100101 Firefox/59.0"
223.96.145.117 - - [10/Apr/2018:23:16:58 +0800] "GET /companys/703?__debugger__=yes&cmd=resource&f=jquery.js HTTP/1.1" 200 95957 "http://39.106.170.0/companys/703" "Mozilla/5.0 (Windows NT 10.0; WOW64; rv:59.0) Gecko/20100101 Firefox/59.0"
223.96.145.117 - - [10/Apr/2018:23:16:58 +0800] "GET /companys/703?__debugger__=yes&cmd=resource&f=debugger.js HTTP/1.1" 200 6264 "http://39.106.170.0/companys/703" "Mozilla/5.0 (Windows NT 10.0; WOW64; rv:59.0) Gecko/20100101 Firefox/59.0"
223.96.145.117 - - [10/Apr/2018:23:16:58 +0800] "GET /companys/703?__debugger__=yes&cmd=resource&f=console.png HTTP/1.1" 200 507 "-" "Mozilla/5.0 (Windows NT 10.0; WOW64; rv:59.0) Gecko/20100101 Firefox/59.0"
223.96.145.117 - - [10/Apr/2018:23:16:58 +0800] "GET /companys/703?__debugger__=yes&cmd=resource&f=console.png HTTP/1.1" 200 507 "http://39.106.170.0/companys/703" "Mozilla/5.0 (Windows NT 10.0; WOW64; rv:59.0) Gecko/20100101 Firefox/59.0"
223.96.145.117 - - [10/Apr/2018:23:16:58 +0800] "GET /companys/703?__debugger__=yes&cmd=resource&f=ubuntu.ttf HTTP/1.1" 200 70220 "http://39.106.170.0/companys/703?__debugger__=yes&cmd=resource&f=style.css" "Mozilla/5.0 (Windows NT 10.0; WOW64; rv:59.0) Gecko/20100101 Firefox/59.0"
223.96.145.117 - - [10/Apr/2018:23:17:21 +0800] "GET /companys/706 HTTP/1.1" 500 20555 "http://39.106.170.0/companys/" "Mozilla/5.0 (Windows NT 10.0; WOW64; rv:59.0) Gecko/20100101 Firefox/59.0"
223.96.145.117 - - [10/Apr/2018:23:17:21 +0800] "GET /companys/706?__debugger__=yes&cmd=resource&f=style.css HTTP/1.1" 200 6270 "http://39.106.170.0/companys/706" "Mozilla/5.0 (Windows NT 10.0; WOW64; rv:59.0) Gecko/20100101 Firefox/59.0"
223.96.145.117 - - [10/Apr/2018:23:17:21 +0800] "GET /companys/706?__debugger__=yes&cmd=resource&f=jquery.js HTTP/1.1" 200 95957 "http://39.106.170.0/companys/706" "Mozilla/5.0 (Windows NT 10.0; WOW64; rv:59.0) Gecko/20100101 Firefox/59.0"
223.96.145.117 - - [10/Apr/2018:23:17:21 +0800] "GET /companys/706?__debugger__=yes&cmd=resource&f=debugger.js HTTP/1.1" 200 6264 "http://39.106.170.0/companys/706" "Mozilla/5.0 (Windows NT 10.0; WOW64; rv:59.0) Gecko/20100101 Firefox/59.0"
223.96.145.117 - - [10/Apr/2018:23:17:21 +0800] "GET /companys/706?__debugger__=yes&cmd=resource&f=ubuntu.ttf HTTP/1.1" 200 70220 "http://39.106.170.0/companys/706?__debugger__=yes&cmd=resource&f=style.css" "Mozilla/5.0 (Windows NT 10.0; WOW64; rv:59.0) Gecko/20100101 Firefox/59.0"
223.96.145.117 - - [10/Apr/2018:23:17:21 +0800] "GET /companys/706?__debugger__=yes&cmd=resource&f=console.png HTTP/1.1" 200 507 "http://39.106.170.0/companys/706" "Mozilla/5.0 (Windows NT 10.0; WOW64; rv:59.0) Gecko/20100101 Firefox/59.0"
223.96.145.117 - - [10/Apr/2018:23:17:22 +0800] "GET /companys/706?__debugger__=yes&cmd=resource&f=console.png HTTP/1.1" 200 507 "-" "Mozilla/5.0 (Windows NT 10.0; WOW64; rv:59.0) Gecko/20100101 Firefox/59.0"
120.204.17.71 - - [10/Apr/2018:23:17:51 +0800] "GET /jobs HTTP/1.1" 301 261 "http://39.106.170.0/" "Mozilla/5.0 (Windows NT 6.1; WOW64) AppleWebKit/537.36 (KHTML, like Gecko) Chrome/43.0.2357.124 Safari/537.36"
120.204.17.71 - - [10/Apr/2018:23:17:51 +0800] "GET /jobs/ HTTP/1.1" 200 8716 "http://39.106.170.0/jobs" "Mozilla/5.0 (Windows NT 6.1; WOW64) AppleWebKit/537.36 (KHTML, like Gecko) Chrome/43.0.2357.124 Safari/537.36"
117.185.117.54 - - [10/Apr/2018:23:17:55 +0800] "GET /companys HTTP/1.1" 301 269 "http://39.106.170.0/jobs/" "Mozilla/5.0 (Windows NT 6.1; WOW64; Trident/7.0; SLCC2; .NET CLR 2.0.50727; .NET CLR 3.5.30729; .NET CLR 3.0.30729; Media Center PC 6.0; .NET4.0C; .NET4.0E; InfoPath.3; rv:11.0) like Gecko"
117.185.117.54 - - [10/Apr/2018:23:17:55 +0800] "GET /companys/ HTTP/1.1" 200 9356 "http://39.106.170.0/companys" "Mozilla/5.0 (Windows NT 6.1; WOW64; Trident/7.0; SLCC2; .NET CLR 2.0.50727; .NET CLR 3.5.30729; .NET CLR 3.0.30729; Media Center PC 6.0; .NET4.0C; .NET4.0E; InfoPath.3; rv:11.0) like Gecko"
120.204.17.71 - - [10/Apr/2018:23:17:58 +0800] "GET /companys/703 HTTP/1.1" 500 20555 "http://39.106.170.0/companys/" "Mozilla/5.0 (Windows NT 6.1; WOW64) AppleWebKit/537.36 (KHTML, like Gecko) Chrome/45.0.2454.101 Safari/537.36"
117.185.117.52 - - [10/Apr/2018:23:17:58 +0800] "GET /companys/703?__debugger__=yes&cmd=resource&f=console.png HTTP/1.1" 200 507 "-" "Mozilla/5.0 (Macintosh; Intel Mac OS X 10_12_4) AppleWebKit/537.36 (KHTML, like Gecko) \x09\x09\x09Chrome/55.0.2883.95 Safari/537.36"
120.204.17.71 - - [10/Apr/2018:23:17:58 +0800] "GET /companys/703?__debugger__=yes&cmd=resource&f=ubuntu.ttf HTTP/1.1" 200 70220 "http://39.106.170.0/companys/703?__debugger__=yes&cmd=resource&f=style.css" "Mozilla/5.0 (Windows NT 6.1; WOW64) AppleWebKit/537.36 (KHTML, like Gecko) Chrome/45.0.2454.101 Safari/537.36"
120.204.17.71 - - [10/Apr/2018:23:17:58 +0800] "GET /companys/703?__debugger__=yes&cmd=resource&f=jquery.js HTTP/1.1" 200 95957 "http://39.106.170.0/companys/703" "Mozilla/5.0 (Windows NT 6.1; WOW64) AppleWebKit/537.36 (KHTML, like Gecko) Chrome/43.0.2357.124 Safari/537.36"
182.140.168.112 - - [10/Apr/2018:23:17:59 +0800] "GET /companys/703?__debugger__=yes&cmd=resource&f=ubuntu.ttf HTTP/1.1" 200 70220 "http://pc6.dun.123ch.cn/download/\xE5\x87\x86\xE7\x82\xB9\xE5\xAE\x9A\xE6\x97\xB6\xE5\x85\xB3\xE6\x9C\xBA_48@113035.exe" "Mozilla/5.0 (Linux; U; Android 4.4.2; zh-cn; GT-I9500 Build/KOT49H) AppleWebKit/537.36 (KHTML, like Gecko)Version/4.0 MQQBrowser/5.0 Mobile Safari/537.36"
120.204.17.71 - - [10/Apr/2018:23:17:59 +0800] "GET /companys/703?__debugger__=yes&cmd=resource&f=debugger.js HTTP/1.1" 200 6264 "http://39.106.170.0/companys/703" "Mozilla/5.0 (Windows NT 6.1; WOW64) AppleWebKit/537.36 (KHTML, like Gecko) Chrome/53.0.2785.104 Safari/537.36 Core/1.53.2141.400 QQBrowser/9.5.10219.400"
120.204.200.81 - - [10/Apr/2018:23:18:21 +0800] "GET /companys/706?__debugger__=yes&cmd=resource&f=console.png HTTP/1.1" 200 507 "http://39.106.170.0/companys/706" "Mozilla/5.0 (Windows NT 6.1; WOW64) AppleWebKit/537.36 (KHTML, like Gecko) Chrome/53.0.2785.104 Safari/537.36 Core/1.53.2141.400 QQBrowser/9.5.10219.400"
117.185.117.54 - - [10/Apr/2018:23:18:21 +0800] "GET /companys/706 HTTP/1.1" 500 20555 "http://39.106.170.0/companys/" "Mozilla/5.0 (Windows NT 6.1; WOW64; rv:50.0) Gecko/20100101 Firefox/50.0"
120.204.17.71 - - [10/Apr/2018:23:18:21 +0800] "GET /companys/706?__debugger__=yes&cmd=resource&f=ubuntu.ttf HTTP/1.1" 200 70220 "http://39.106.170.0/companys/706?__debugger__=yes&cmd=resource&f=style.css" "Mozilla/5.0 (Windows NT 6.1; WOW64; rv:50.0) Gecko/20100101 Firefox/50.0"
117.185.117.54 - - [10/Apr/2018:23:18:22 +0800] "GET /companys/706?__debugger__=yes&cmd=resource&f=jquery.js HTTP/1.1" 200 95957 "http://39.106.170.0/companys/706" "Mozilla/5.0 (Windows NT 6.1; WOW64) AppleWebKit/537.36 (KHTML, like Gecko) Chrome/56.0.2924.87 Safari/537.36"
182.140.168.115 - - [10/Apr/2018:23:18:22 +0800] "GET /companys/706?__debugger__=yes&cmd=resource&f=ubuntu.ttf HTTP/1.1" 200 70220 "http://m.toutiao11.com/group/6527278173707567619/?iid=28882641506&app=news_article&timestamp=1521929292&tt_from=mobile_qq&utm_source=mobile_qq&utm_medium=toutiao_android&utm_campaign=client_share" "Mozilla/5.0 (Linux; U; Android 4.4.2; zh-cn; GT-I9500 Build/KOT49H) AppleWebKit/537.36 (KHTML, like Gecko)Version/4.0 MQQBrowser/5.0 Mobile Safari/537.36"
117.185.117.54 - - [10/Apr/2018:23:18:23 +0800] "GET /companys/706?__debugger__=yes&cmd=resource&f=debugger.js HTTP/1.1" 200 6264 "http://39.106.170.0/companys/706" "Mozilla/5.0 (Windows NT 6.1; WOW64) AppleWebKit/537.36 (KHTML, like Gecko) Chrome/45.0.2454.101 Safari/537.36"
223.96.145.117 - - [10/Apr/2018:23:20:14 +0800] "GET /user/vister/131 HTTP/1.1" 500 54218 "http://39.106.170.0/companys/" "Mozilla/5.0 (Windows NT 10.0; WOW64; rv:59.0) Gecko/20100101 Firefox/59.0"
223.96.145.117 - - [10/Apr/2018:23:20:14 +0800] "GET /user/vister/131?__debugger__=yes&cmd=resource&f=style.css HTTP/1.1" 200 6270 "http://39.106.170.0/user/vister/131" "Mozilla/5.0 (Windows NT 10.0; WOW64; rv:59.0) Gecko/20100101 Firefox/59.0"
223.96.145.117 - - [10/Apr/2018:23:20:14 +0800] "GET /user/vister/131?__debugger__=yes&cmd=resource&f=jquery.js HTTP/1.1" 200 95957 "http://39.106.170.0/user/vister/131" "Mozilla/5.0 (Windows NT 10.0; WOW64; rv:59.0) Gecko/20100101 Firefox/59.0"
223.96.145.117 - - [10/Apr/2018:23:20:14 +0800] "GET /user/vister/131?__debugger__=yes&cmd=resource&f=debugger.js HTTP/1.1" 200 6264 "http://39.106.170.0/user/vister/131" "Mozilla/5.0 (Windows NT 10.0; WOW64; rv:59.0) Gecko/20100101 Firefox/59.0"
223.96.145.117 - - [10/Apr/2018:23:20:15 +0800] "GET /user/vister/131?__debugger__=yes&cmd=resource&f=console.png HTTP/1.1" 200 507 "-" "Mozilla/5.0 (Windows NT 10.0; WOW64; rv:59.0) Gecko/20100101 Firefox/59.0"
223.96.145.117 - - [10/Apr/2018:23:20:15 +0800] "GET /user/vister/131?__debugger__=yes&cmd=resource&f=console.png HTTP/1.1" 200 507 "http://39.106.170.0/user/vister/131" "Mozilla/5.0 (Windows NT 10.0; WOW64; rv:59.0) Gecko/20100101 Firefox/59.0"
223.96.145.117 - - [10/Apr/2018:23:20:15 +0800] "GET /user/vister/131?__debugger__=yes&cmd=resource&f=ubuntu.ttf HTTP/1.1" 200 70220 "http://39.106.170.0/user/vister/131?__debugger__=yes&cmd=resource&f=style.css" "Mozilla/5.0 (Windows NT 10.0; WOW64; rv:59.0) Gecko/20100101 Firefox/59.0"
2018/04/10 23:20:50 [error] 1366#0: *140 connect() failed (111: Connection refused) while connecting to upstream, client: 60.191.38.77, server: 39.106.170.0, request: "GET / HTTP/1.1", upstream: "http://127.0.0.1:5000/", host: "39.106.170.0:80"
60.191.38.77 - - [10/Apr/2018:23:20:50 +0800] "GET / HTTP/1.1" 502 181 "-" "Mozilla/5.0 (Macintosh; Intel Mac OS X 10.11; rv:47.0) Gecko/20100101 Firefox/47.0"
223.96.145.117 - - [10/Apr/2018:23:21:12 +0800] "GET /user/vister/131 HTTP/1.1" 500 15994 "http://39.106.170.0/companys/" "Mozilla/5.0 (Windows NT 10.0; WOW64; rv:59.0) Gecko/20100101 Firefox/59.0"
223.96.145.117 - - [10/Apr/2018:23:21:12 +0800] "GET /user/vister/131?__debugger__=yes&cmd=resource&f=style.css HTTP/1.1" 200 6270 "http://39.106.170.0/user/vister/131" "Mozilla/5.0 (Windows NT 10.0; WOW64; rv:59.0) Gecko/20100101 Firefox/59.0"
223.96.145.117 - - [10/Apr/2018:23:21:12 +0800] "GET /user/vister/131?__debugger__=yes&cmd=resource&f=jquery.js HTTP/1.1" 200 95957 "http://39.106.170.0/user/vister/131" "Mozilla/5.0 (Windows NT 10.0; WOW64; rv:59.0) Gecko/20100101 Firefox/59.0"
223.96.145.117 - - [10/Apr/2018:23:21:12 +0800] "GET /user/vister/131?__debugger__=yes&cmd=resource&f=debugger.js HTTP/1.1" 200 6264 "http://39.106.170.0/user/vister/131" "Mozilla/5.0 (Windows NT 10.0; WOW64; rv:59.0) Gecko/20100101 Firefox/59.0"
